2026-09-08 04:45:57.244: [INFO] CurrentProfilePath: D:\Supplybase\SupplyBase-Project\.metadata\.plugins\org.eclipse.swt\EBWebView\Default
2026-09-08 04:45:57.244: [INFO] Profiles total count: 1
2026-09-08 04:45:57.244: [INFO] Profile: name=Profile 1 path=D:\Supplybase\SupplyBase-Project\.metadata\.plugins\org.eclipse.swt\EBWebView\Default lastActive=null
2026-09-08 04:45:57.244: [INFO] LastUsedProfileDir: D:\Supplybase\SupplyBase-Project\.metadata\.plugins\org.eclipse.swt\EBWebView\Default
2026-09-08 04:45:57.244: [INFO] OnDoneLoading sync enabled: 0
2026-09-08 04:45:57.244: [INFO] BookmarkModelLoaded, ids_reassigned: 0
2026-09-08 04:45:57.244: [INFO] BookmarksLoadDropped droppedNodes=0
2026-09-08 04:45:57.244: [INFO] BookmarksSnapshot Startup total=0 bar=0 other=0 mobile=0 showBar=0 showBarNTP=1
2026-09-08 04:50:16.244: [INFO] BookmarksSnapshot Shutdown total=0 bar=0 other=0 mobile=0 showBar=0 showBarNTP=1
2026-09-09 06:34:07.609: [INFO] CurrentProfilePath: D:\Supplybase\SupplyBase-Project\.metadata\.plugins\org.eclipse.swt\EBWebView\Default
2026-09-09 06:34:07.609: [INFO] Profiles total count: 1
2026-09-09 06:34:07.610: [INFO] Profile: name=Profile 1 path=D:\Supplybase\SupplyBase-Project\.metadata\.plugins\org.eclipse.swt\EBWebView\Default lastActive=2026-09-08T04:46:34.393Z
2026-09-09 06:34:07.610: [INFO] LastUsedProfileDir: D:\Supplybase\SupplyBase-Project\.metadata\.plugins\org.eclipse.swt\EBWebView\Default
2026-09-09 06:34:07.610: [INFO] MostRecentlyActiveProfile: name=Profile 1 path=D:\Supplybase\SupplyBase-Project\.metadata\.plugins\org.eclipse.swt\EBWebView\Default lastActive=2026-09-08T04:46:34.393Z
2026-09-09 06:34:07.610: [INFO] OnDoneLoading sync enabled: 0
2026-09-09 06:34:07.610: [INFO] BookmarkModelLoaded, ids_reassigned: 0
2026-09-09 06:34:07.610: [INFO] BookmarksLoadDropped droppedNodes=0
2026-09-09 06:34:07.610: [INFO] BookmarksSnapshot Startup total=0 bar=0 other=0 mobile=0 showBar=0 showBarNTP=1
2026-09-09 08:22:02.409: [INFO] BookmarksSnapshot Shutdown total=0 bar=0 other=0 mobile=0 showBar=0 showBarNTP=1
2026-09-10 11:32:48.222: [INFO] CurrentProfilePath: D:\Supplybase\SupplyBase-Project\.metadata\.plugins\org.eclipse.swt\EBWebView\Default
2026-09-10 11:32:48.222: [INFO] Profiles total count: 1
2026-09-10 11:32:48.222: [INFO] Profile: name=Profile 1 path=D:\Supplybase\SupplyBase-Project\.metadata\.plugins\org.eclipse.swt\EBWebView\Default lastActive=2026-09-08T04:46:34.393Z
2026-09-10 11:32:48.222: [INFO] LastUsedProfileDir: D:\Supplybase\SupplyBase-Project\.metadata\.plugins\org.eclipse.swt\EBWebView\Default
2026-09-10 11:32:48.222: [INFO] MostRecentlyActiveProfile: name=Profile 1 path=D:\Supplybase\SupplyBase-Project\.metadata\.plugins\org.eclipse.swt\EBWebView\Default lastActive=2026-09-08T04:46:34.393Z
2026-09-10 11:32:48.222: [INFO] OnDoneLoading sync enabled: 0
2026-09-10 11:32:48.222: [INFO] BookmarkModelLoaded, ids_reassigned: 0
2026-09-10 11:32:48.222: [INFO] BookmarksLoadDropped droppedNodes=0
2026-09-10 11:32:48.222: [INFO] BookmarksSnapshot Startup total=0 bar=0 other=0 mobile=0 showBar=0 showBarNTP=1
2026-09-10 11:36:46.256: [INFO] BookmarksSnapshot Shutdown total=0 bar=0 other=0 mobile=0 showBar=0 showBarNTP=1
2026-09-11 04:39:34.724: [INFO] CurrentProfilePath: D:\Supplybase\SupplyBase-Project\.metadata\.plugins\org.eclipse.swt\EBWebView\Default
2026-09-11 04:39:34.724: [INFO] Profiles total count: 1
2026-09-11 04:39:34.724: [INFO] Profile: name=Profile 1 path=D:\Supplybase\SupplyBase-Project\.metadata\.plugins\org.eclipse.swt\EBWebView\Default lastActive=2026-09-08T04:46:34.393Z
2026-09-11 04:39:34.725: [INFO] LastUsedProfileDir: D:\Supplybase\SupplyBase-Project\.metadata\.plugins\org.eclipse.swt\EBWebView\Default
2026-09-11 04:39:34.725: [INFO] MostRecentlyActiveProfile: name=Profile 1 path=D:\Supplybase\SupplyBase-Project\.metadata\.plugins\org.eclipse.swt\EBWebView\Default lastActive=2026-09-08T04:46:34.393Z
2026-09-11 04:39:34.725: [INFO] OnDoneLoading sync enabled: 0
2026-09-11 04:39:34.725: [INFO] BookmarkModelLoaded, ids_reassigned: 0
2026-09-11 04:39:34.725: [INFO] BookmarksLoadDropped droppedNodes=0
2026-09-11 04:39:34.725: [INFO] BookmarksSnapshot Startup total=0 bar=0 other=0 mobile=0 showBar=0 showBarNTP=1
2026-09-11 12:11:06.937: [INFO] CurrentProfilePath: D:\Supplybase\SupplyBase-Project\.metadata\.plugins\org.eclipse.swt\EBWebView\Default
2026-09-11 12:11:06.937: [INFO] Profiles total count: 1
2026-09-11 12:11:06.937: [INFO] Profile: name=Profile 1 path=D:\Supplybase\SupplyBase-Project\.metadata\.plugins\org.eclipse.swt\EBWebView\Default lastActive=2026-09-08T04:46:34.393Z
2026-09-11 12:11:06.937: [INFO] LastUsedProfileDir: D:\Supplybase\SupplyBase-Project\.metadata\.plugins\org.eclipse.swt\EBWebView\Default
2026-09-11 12:11:06.938: [INFO] MostRecentlyActiveProfile: name=Profile 1 path=D:\Supplybase\SupplyBase-Project\.metadata\.plugins\org.eclipse.swt\EBWebView\Default lastActive=2026-09-08T04:46:34.393Z
2026-09-11 12:11:06.938: [INFO] OnDoneLoading sync enabled: 0
2026-09-11 12:11:06.938: [INFO] BookmarkModelLoaded, ids_reassigned: 0
2026-09-11 12:11:06.938: [INFO] BookmarksLoadDropped droppedNodes=0
2026-09-11 12:11:06.938: [INFO] BookmarksSnapshot Startup total=0 bar=0 other=0 mobile=0 showBar=0 showBarNTP=1
2026-09-11 12:12:49.108: [INFO] BookmarksSnapshot Shutdown total=0 bar=0 other=0 mobile=0 showBar=0 showBarNTP=1
2026-09-13 08:08:39.966: [INFO] CurrentProfilePath: D:\Supplybase\SupplyBase-Project\.metadata\.plugins\org.eclipse.swt\EBWebView\Default
2026-09-13 08:08:39.966: [INFO] Profiles total count: 1
2026-09-13 08:08:39.966: [INFO] Profile: name=Profile 1 path=D:\Supplybase\SupplyBase-Project\.metadata\.plugins\org.eclipse.swt\EBWebView\Default lastActive=2026-09-08T04:46:34.393Z
2026-09-13 08:08:39.966: [INFO] LastUsedProfileDir: D:\Supplybase\SupplyBase-Project\.metadata\.plugins\org.eclipse.swt\EBWebView\Default
2026-09-13 08:08:39.966: [INFO] MostRecentlyActiveProfile: name=Profile 1 path=D:\Supplybase\SupplyBase-Project\.metadata\.plugins\org.eclipse.swt\EBWebView\Default lastActive=2026-09-08T04:46:34.393Z
2026-09-13 08:08:39.966: [INFO] OnDoneLoading sync enabled: 0
2026-09-13 08:08:39.966: [INFO] BookmarkModelLoaded, ids_reassigned: 0
2026-09-13 08:08:39.966: [INFO] BookmarksLoadDropped droppedNodes=0
2026-09-13 08:08:39.966: [INFO] BookmarksSnapshot Startup total=0 bar=0 other=0 mobile=0 showBar=0 showBarNTP=1
2026-09-13 08:32:49.298: [INFO] BookmarksSnapshot Shutdown total=0 bar=0 other=0 mobile=0 showBar=0 showBarNTP=1
2026-09-14 07:31:08.432: [INFO] CurrentProfilePath: D:\Supplybase\SupplyBase-Project\.metadata\.plugins\org.eclipse.swt\EBWebView\Default
2026-09-14 07:31:08.432: [INFO] Profiles total count: 1
2026-09-14 07:31:08.432: [INFO] Profile: name=Profile 1 path=D:\Supplybase\SupplyBase-Project\.metadata\.plugins\org.eclipse.swt\EBWebView\Default lastActive=2026-09-08T04:46:34.393Z
2026-09-14 07:31:08.432: [INFO] LastUsedProfileDir: D:\Supplybase\SupplyBase-Project\.metadata\.plugins\org.eclipse.swt\EBWebView\Default
2026-09-14 07:31:08.432: [INFO] MostRecentlyActiveProfile: name=Profile 1 path=D:\Supplybase\SupplyBase-Project\.metadata\.plugins\org.eclipse.swt\EBWebView\Default lastActive=2026-09-08T04:46:34.393Z
2026-09-14 07:31:08.432: [INFO] OnDoneLoading sync enabled: 0
2026-09-14 07:31:08.432: [INFO] BookmarkModelLoaded, ids_reassigned: 0
2026-09-14 07:31:08.432: [INFO] BookmarksLoadDropped droppedNodes=0
2026-09-14 07:31:08.432: [INFO] BookmarksSnapshot Startup total=0 bar=0 other=0 mobile=0 showBar=0 showBarNTP=1
2026-09-15 05:24:51.356: [INFO] CurrentProfilePath: D:\Supplybase\SupplyBase-Project\.metadata\.plugins\org.eclipse.swt\EBWebView\Default
2026-09-15 05:24:51.356: [INFO] Profiles total count: 1
2026-09-15 05:24:51.356: [INFO] Profile: name=Profile 1 path=D:\Supplybase\SupplyBase-Project\.metadata\.plugins\org.eclipse.swt\EBWebView\Default lastActive=2026-09-08T04:46:34.393Z
2026-09-15 05:24:51.356: [INFO] LastUsedProfileDir: D:\Supplybase\SupplyBase-Project\.metadata\.plugins\org.eclipse.swt\EBWebView\Default
2026-09-15 05:24:51.356: [INFO] MostRecentlyActiveProfile: name=Profile 1 path=D:\Supplybase\SupplyBase-Project\.metadata\.plugins\org.eclipse.swt\EBWebView\Default lastActive=2026-09-08T04:46:34.393Z
2026-09-15 05:24:51.356: [INFO] OnDoneLoading sync enabled: 0
2026-09-15 05:24:51.356: [INFO] BookmarkModelLoaded, ids_reassigned: 0
2026-09-15 05:24:51.356: [INFO] BookmarksLoadDropped droppedNodes=0
2026-09-15 05:24:51.356: [INFO] BookmarksSnapshot Startup total=0 bar=0 other=0 mobile=0 showBar=0 showBarNTP=1
2026-09-15 13:37:26.051: [INFO] BookmarksSnapshot Shutdown total=0 bar=0 other=0 mobile=0 showBar=0 showBarNTP=1
